Archive member included to satisfy reference by file (symbol)

c:/program files (x86)/atmel/studio/7.0/toolchain/arm/arm-gnu-toolchain/bin/../lib/gcc/arm-none-eabi/6.3.1/thumb/v6-m\libgcc.a(_udivsi3.o)
                              src/ASF/common2/services/delay/sam0/systick_counter.o (__aeabi_uidiv)
c:/program files (x86)/atmel/studio/7.0/toolchain/arm/arm-gnu-toolchain/bin/../lib/gcc/arm-none-eabi/6.3.1/thumb/v6-m\libgcc.a(_divsi3.o)
                              src/main.o (__aeabi_idiv)
c:/program files (x86)/atmel/studio/7.0/toolchain/arm/arm-gnu-toolchain/bin/../lib/gcc/arm-none-eabi/6.3.1/thumb/v6-m\libgcc.a(_dvmd_tls.o)
                              c:/program files (x86)/atmel/studio/7.0/toolchain/arm/arm-gnu-toolchain/bin/../lib/gcc/arm-none-eabi/6.3.1/thumb/v6-m\libgcc.a(_udivsi3.o) (__aeabi_idiv0)
c:/program files (x86)/atmel/studio/7.0/toolchain/arm/arm-gnu-toolchain/bin/../lib/gcc/arm-none-eabi/6.3.1/thumb/v6-m\libgcc.a(_muldi3.o)
                              src/ASF/sam0/drivers/sercom/sercom.o (__aeabi_lmul)
c:/program files (x86)/atmel/studio/7.0/toolchain/arm/arm-gnu-toolchain/bin/../lib/gcc/arm-none-eabi/6.3.1/../../../../arm-none-eabi/lib/thumb/v6-m\libc_nano.a(lib_a-exit.o)
                              c:/program files (x86)/atmel/studio/7.0/toolchain/arm/arm-gnu-toolchain/bin/../lib/gcc/arm-none-eabi/6.3.1/../../../../arm-none-eabi/lib/thumb/v6-m/crt0.o (exit)
c:/program files (x86)/atmel/studio/7.0/toolchain/arm/arm-gnu-toolchain/bin/../lib/gcc/arm-none-eabi/6.3.1/../../../../arm-none-eabi/lib/thumb/v6-m\libc_nano.a(lib_a-impure.o)
                              c:/program files (x86)/atmel/studio/7.0/toolchain/arm/arm-gnu-toolchain/bin/../lib/gcc/arm-none-eabi/6.3.1/../../../../arm-none-eabi/lib/thumb/v6-m\libc_nano.a(lib_a-exit.o) (_global_impure_ptr)
c:/program files (x86)/atmel/studio/7.0/toolchain/arm/arm-gnu-toolchain/bin/../lib/gcc/arm-none-eabi/6.3.1/../../../../arm-none-eabi/lib/thumb/v6-m\libc_nano.a(lib_a-init.o)
                              c:/program files (x86)/atmel/studio/7.0/toolchain/arm/arm-gnu-toolchain/bin/../lib/gcc/arm-none-eabi/6.3.1/../../../../arm-none-eabi/lib/thumb/v6-m/crt0.o (__libc_init_array)
c:/program files (x86)/atmel/studio/7.0/toolchain/arm/arm-gnu-toolchain/bin/../lib/gcc/arm-none-eabi/6.3.1/../../../../arm-none-eabi/lib/thumb/v6-m\libc_nano.a(lib_a-memset.o)
                              c:/program files (x86)/atmel/studio/7.0/toolchain/arm/arm-gnu-toolchain/bin/../lib/gcc/arm-none-eabi/6.3.1/../../../../arm-none-eabi/lib/thumb/v6-m/crt0.o (memset)
c:/program files (x86)/atmel/studio/7.0/toolchain/arm/arm-gnu-toolchain/bin/../lib/gcc/arm-none-eabi/6.3.1/../../../../arm-none-eabi/lib/thumb/v6-m\libc_nano.a(lib_a-strlen.o)
                              src/nrf24l01.o (strlen)

Allocating common symbols
Common symbol       size              file

bme280_data_object  0x10              src/main.o
RX_Buffer           0x21              src/main.o
nrf24l01_slave_instance
                    0x3               src/nrf24l01.o
spi_master_instance
                    0x8               src/nrf24l01.o

Discarded input sections

 .text          0x00000000        0x0 c:/program files (x86)/atmel/studio/7.0/toolchain/arm/arm-gnu-toolchain/bin/../lib/gcc/arm-none-eabi/6.3.1/thumb/v6-m/crti.o
 .data          0x00000000        0x0 c:/program files (x86)/atmel/studio/7.0/toolchain/arm/arm-gnu-toolchain/bin/../lib/gcc/arm-none-eabi/6.3.1/thumb/v6-m/crti.o
 .bss           0x00000000        0x0 c:/program files (x86)/atmel/studio/7.0/toolchain/arm/arm-gnu-toolchain/bin/../lib/gcc/arm-none-eabi/6.3.1/thumb/v6-m/crti.o
 .data          0x00000000        0x4 c:/program files (x86)/atmel/studio/7.0/toolchain/arm/arm-gnu-toolchain/bin/../lib/gcc/arm-none-eabi/6.3.1/thumb/v6-m/crtbegin.o
 .text          0x00000000       0x78 c:/program files (x86)/atmel/studio/7.0/toolchain/arm/arm-gnu-toolchain/bin/../lib/gcc/arm-none-eabi/6.3.1/../../../../arm-none-eabi/lib/thumb/v6-m/crt0.o
 .data          0x00000000        0x0 c:/program files (x86)/atmel/studio/7.0/toolchain/arm/arm-gnu-toolchain/bin/../lib/gcc/arm-none-eabi/6.3.1/../../../../arm-none-eabi/lib/thumb/v6-m/crt0.o
 .bss           0x00000000        0x0 c:/program files (x86)/atmel/studio/7.0/toolchain/arm/arm-gnu-toolchain/bin/../lib/gcc/arm-none-eabi/6.3.1/../../../../arm-none-eabi/lib/thumb/v6-m/crt0.o
 .ARM.extab     0x00000000        0x0 c:/program files (x86)/atmel/studio/7.0/toolchain/arm/arm-gnu-toolchain/bin/../lib/gcc/arm-none-eabi/6.3.1/../../../../arm-none-eabi/lib/thumb/v6-m/crt0.o
 .ARM.exidx     0x00000000        0x8 c:/program files (x86)/atmel/studio/7.0/toolchain/arm/arm-gnu-toolchain/bin/../lib/gcc/arm-none-eabi/6.3.1/../../../../arm-none-eabi/lib/thumb/v6-m/crt0.o
 .ARM.attributes
                0x00000000       0x1b c:/program files (x86)/atmel/studio/7.0/toolchain/arm/arm-gnu-toolchain/bin/../lib/gcc/arm-none-eabi/6.3.1/../../../../arm-none-eabi/lib/thumb/v6-m/crt0.o
[...]
Memory Configuration

Name             Origin             Length             Attributes
rom              0x00000000         0x00020000         xr
ram              0x20000000         0x00004000         xrw
*default*        0x00000000         0xffffffff

Linker script and memory map

LOAD c:/program files (x86)/atmel/studio/7.0/toolchain/arm/arm-gnu-toolchain/bin/../lib/gcc/arm-none-eabi/6.3.1/thumb/v6-m/crti.o
LOAD c:/program files (x86)/atmel/studio/7.0/toolchain/arm/arm-gnu-toolchain/bin/../lib/gcc/arm-none-eabi/6.3.1/thumb/v6-m/crtbegin.o
LOAD c:/program files (x86)/atmel/studio/7.0/toolchain/arm/arm-gnu-toolchain/bin/../lib/gcc/arm-none-eabi/6.3.1/../../../../arm-none-eabi/lib/thumb/v6-m/crt0.o
LOAD src/ASF/sam0/drivers/port/port.o
LOAD src/ASF/sam0/drivers/sercom/sercom.o
LOAD src/ASF/sam0/drivers/sercom/spi/spi.o
LOAD src/nrf24l01.o
LOAD src/spi_master.o
LOAD src/ASF/common2/services/delay/sam0/systick_counter.o
LOAD src/LED.o
LOAD src/ASF/common2/boards/user_board/init.o
LOAD src/ASF/common/utils/interrupt/interrupt_sam_nvic.o
LOAD src/ASF/sam0/drivers/system/clock/clock_samd20/clock.o
LOAD src/ASF/sam0/drivers/system/clock/clock_samd20/gclk.o
LOAD src/ASF/sam0/drivers/system/interrupt/system_interrupt.o
LOAD src/ASF/sam0/drivers/system/pinmux/pinmux.o
LOAD src/ASF/sam0/drivers/system/system.o
LOAD src/ASF/sam0/utils/cmsis/samd20/source/gcc/startup_samd20.o
LOAD src/ASF/sam0/utils/cmsis/samd20/source/system_samd20.o
LOAD src/ASF/sam0/utils/syscalls/gcc/syscalls.o
LOAD src/main.o
START GROUP
LOAD ../src/ASF/thirdparty/CMSIS/Lib/GCC\libarm_cortexM0l_math.a
LOAD c:/program files (x86)/atmel/studio/7.0/toolchain/arm/arm-gnu-toolchain/bin/../lib/gcc/arm-none-eabi/6.3.1/../../../../arm-none-eabi/lib/thumb/v6-m\libm.a
END GROUP
START GROUP
LOAD c:/program files (x86)/atmel/studio/7.0/toolchain/arm/arm-gnu-toolchain/bin/../lib/gcc/arm-none-eabi/6.3.1/thumb/v6-m\libgcc.a
LOAD c:/program files (x86)/atmel/studio/7.0/toolchain/arm/arm-gnu-toolchain/bin/../lib/gcc/arm-none-eabi/6.3.1/../../../../arm-none-eabi/lib/thumb/v6-m\libc_nano.a
END GROUP
START GROUP
LOAD c:/program files (x86)/atmel/studio/7.0/toolchain/arm/arm-gnu-toolchain/bin/../lib/gcc/arm-none-eabi/6.3.1/thumb/v6-m\libgcc.a
LOAD c:/program files (x86)/atmel/studio/7.0/toolchain/arm/arm-gnu-toolchain/bin/../lib/gcc/arm-none-eabi/6.3.1/../../../../arm-none-eabi/lib/thumb/v6-m\libc_nano.a
END GROUP
LOAD c:/program files (x86)/atmel/studio/7.0/toolchain/arm/arm-gnu-toolchain/bin/../lib/gcc/arm-none-eabi/6.3.1/thumb/v6-m/crtend.o
LOAD c:/program files (x86)/atmel/studio/7.0/toolchain/arm/arm-gnu-toolchain/bin/../lib/gcc/arm-none-eabi/6.3.1/thumb/v6-m/crtn.o
                0x00001000                STACK_SIZE = DEFINED (STACK_SIZE)?STACK_SIZE:DEFINED (__stack_size__)?__stack_size__:0x1000

.text           0x00000000     0x2dbc
                0x00000000                . = ALIGN (0x4)
                0x00000000                _sfixed = .
 *(.vectors .vectors.*)
 .vectors       0x00000000       0xa4 src/ASF/sam0/utils/cmsis/samd20/source/gcc/startup_samd20.o
                0x00000000                exception_table
 *(.text .text.* .gnu.linkonce.t.*)
 .text          0x000000a4       0x60 c:/program files (x86)/atmel/studio/7.0/toolchain/arm/arm-gnu-toolchain/bin/../lib/gcc/arm-none-eabi/6.3.1/thumb/v6-m/crtbegin.o
 .text.system_pinmux_get_config_defaults
                0x00000104       0x28 src/ASF/sam0/drivers/port/port.o
 .text.port_pin_set_config
                0x0000012c       0x60 src/ASF/sam0/drivers/port/port.o
                0x0000012c                port_pin_set_config
 .text.system_gclk_chan_get_config_defaults
                0x0000018c       0x16 src/ASF/sam0/drivers/sercom/sercom.o
 .text._sercom_get_sync_baud_val
                0x000001a2       0x7c src/ASF/sam0/drivers/sercom/sercom.o
                0x000001a2                _sercom_get_sync_baud_val
 *fill*         0x0000021e        0x2 
 .text.sercom_set_gclk_generator
                0x00000220       0x8c src/ASF/sam0/drivers/sercom/sercom.o
                0x00000220                sercom_set_gclk_generator
 .text._sercom_get_default_pad
                0x000002ac      0x1bc src/ASF/sam0/drivers/sercom/sercom.o
                0x000002ac                _sercom_get_default_pad
 .text._sercom_get_sercom_inst_index
                0x00000468       0x50 src/ASF/sam0/drivers/sercom/sercom.o
                0x00000468                _sercom_get_sercom_inst_index
 .text.system_pinmux_get_config_defaults
                0x000004b8       0x28 src/ASF/sam0/drivers/sercom/spi/spi.o
 .text.system_pinmux_get_group_from_gpio_pin
                0x000004e0       0x60 src/ASF/sam0/drivers/sercom/spi/spi.o
 .text.system_pinmux_pin_get_mux_position
                0x00000540       0x7c src/ASF/sam0/drivers/sercom/spi/spi.o
 .text.port_get_group_from_gpio_pin
                0x000005bc       0x24 src/ASF/sam0/drivers/sercom/spi/spi.o
 .text.port_pin_set_output_level
                0x000005e0       0x54 src/ASF/sam0/drivers/sercom/spi/spi.o
 .text.system_gclk_chan_get_config_defaults
                0x00000634       0x16 src/ASF/sam0/drivers/sercom/spi/spi.o
 *fill*         0x0000064a        0x2 
 .text.system_apb_clock_set_mask
                0x0000064c       0x5c src/ASF/sam0/drivers/sercom/spi/spi.o
 .text.system_is_debugger_present
                0x000006a8       0x20 src/ASF/sam0/drivers/sercom/spi/spi.o
 .text.spi_is_write_complete
                0x000006c8       0x28 src/ASF/sam0/drivers/sercom/spi/spi.o
 .text.spi_is_ready_to_write
                0x000006f0       0x28 src/ASF/sam0/drivers/sercom/spi/spi.o
 .text.spi_is_ready_to_read
                0x00000718       0x28 src/ASF/sam0/drivers/sercom/spi/spi.o
 .text.spi_write
                0x00000740       0x4c src/ASF/sam0/drivers/sercom/spi/spi.o
 .text.spi_read
                0x0000078c       0x88 src/ASF/sam0/drivers/sercom/spi/spi.o
 .text._spi_clear_tx_complete_flag
                0x00000814       0x1c src/ASF/sam0/drivers/sercom/spi/spi.o
 .text._spi_set_config
                0x00000830      0x220 src/ASF/sam0/drivers/sercom/spi/spi.o
 .text._spi_check_config
                0x00000a50      0x20c src/ASF/sam0/drivers/sercom/spi/spi.o
 .text.spi_init
                0x00000c5c      0x108 src/ASF/sam0/drivers/sercom/spi/spi.o
                0x00000c5c                spi_init
 .text.spi_read_buffer_wait
                0x00000d64      0x1ac src/ASF/sam0/drivers/sercom/spi/spi.o
                0x00000d64                spi_read_buffer_wait
 .text.spi_select_slave
                0x00000f10       0xe4 src/ASF/sam0/drivers/sercom/spi/spi.o
                0x00000f10                spi_select_slave
 .text.spi_write_buffer_wait
                0x00000ff4      0x314 src/ASF/sam0/drivers/sercom/spi/spi.o
                0x00000ff4                spi_write_buffer_wait
 .text.system_pinmux_get_group_from_gpio_pin
                0x00001308       0x60 src/nrf24l01.o
 .text.port_get_group_from_gpio_pin
                0x00001368       0x24 src/nrf24l01.o
 .text.port_pin_set_output_level
                0x0000138c       0x54 src/nrf24l01.o
 .text.nrf24l01_spi_write
                0x000013e0       0x34 src/nrf24l01.o
                0x000013e0                nrf24l01_spi_write
 .text.nrf24l01_spi_write_single
                0x00001414       0x20 src/nrf24l01.o
                0x00001414                nrf24l01_spi_write_single
 .text.nrf24l01_spi_read
                0x00001434       0x6c src/nrf24l01.o
                0x00001434                nrf24l01_spi_read
 .text.NRF_CS_Set
                0x000014a0       0x24 src/nrf24l01.o
                0x000014a0                NRF_CS_Set
 .text.NRF_CS_Clear
                0x000014c4       0x24 src/nrf24l01.o
                0x000014c4                NRF_CS_Clear
 .text.NRF_CE_Set
                0x000014e8       0x18 src/nrf24l01.o
                0x000014e8                NRF_CE_Set
 .text.NRF_CE_Clear
                0x00001500       0x18 src/nrf24l01.o
                0x00001500                NRF_CE_Clear
 .text.NRF_Enter_RX_Mode
                0x00001518       0x8c src/nrf24l01.o
                0x00001518                NRF_Enter_RX_Mode
 .text.NRF_Read
                0x000015a4       0x30 src/nrf24l01.o
                0x000015a4                NRF_Read
 .text.NRF_Read_single
                0x000015d4       0x2c src/nrf24l01.o
                0x000015d4                NRF_Read_single
 .text.NRF_Write
                0x00001600       0x6c src/nrf24l01.o
                0x00001600                NRF_Write
 .text.NRF_Write_2
                0x0000166c       0x28 src/nrf24l01.o
                0x0000166c                NRF_Write_2
 .text.NRF_Write_1
                0x00001694       0x24 src/nrf24l01.o
                0x00001694                NRF_Write_1
 .text.system_pinmux_get_group_from_gpio_pin
                0x000016b8       0x60 src/spi_master.o
 .text.port_get_group_from_gpio_pin
                0x00001718       0x24 src/spi_master.o
 .text.port_get_config_defaults
                0x0000173c       0x22 src/spi_master.o
 *fill*         0x0000175e        0x2 
 .text.port_pin_set_output_level
                0x00001760       0x54 src/spi_master.o
 .text.spi_is_syncing
                0x000017b4       0x2a src/spi_master.o
 *fill*         0x000017de        0x2 
 .text.spi_get_config_defaults
                0x000017e0       0x78 src/spi_master.o
 .text.spi_slave_inst_get_config_defaults
                0x00001858       0x22 src/spi_master.o
 *fill*         0x0000187a        0x2 
 .text.spi_attach_slave
                0x0000187c       0x64 src/spi_master.o
 .text.spi_enable
                0x000018e0       0x34 src/spi_master.o
 .text.spi_master_init
                0x00001914       0xa8 src/spi_master.o
                0x00001914                spi_master_init
 .text.delay_cycles
                0x000019bc       0x34 src/ASF/common2/services/delay/sam0/systick_counter.o
 .text.delay_init
                0x000019f0       0x58 src/ASF/common2/services/delay/sam0/systick_counter.o
                0x000019f0                delay_init
 .text.delay_cycles_ms
                0x00001a48       0x30 src/ASF/common2/services/delay/sam0/systick_counter.o
                0x00001a48                delay_cycles_ms
 .text.LED_Init
                0x00001a78      0x178 src/LED.o
                0x00001a78                LED_Init
 .text.LED_Set_Color
                0x00001bf0       0x70 src/LED.o
                0x00001bf0                LED_Set_Color
 .text.system_board_init
                0x00001c60        0xa src/ASF/common2/boards/user_board/init.o
                0x00001c60                board_init
                0x00001c60                system_board_init
 *fill*         0x00001c6a        0x2 
 .text.cpu_irq_enter_critical
                0x00001c6c       0x54 src/ASF/common/utils/interrupt/interrupt_sam_nvic.o
                0x00001c6c                cpu_irq_enter_critical
 .text.cpu_irq_leave_critical
                0x00001cc0       0x40 src/ASF/common/utils/interrupt/interrupt_sam_nvic.o
                0x00001cc0                cpu_irq_leave_critical
 .text.system_gclk_gen_get_config_defaults
                0x00001d00       0x2e src/ASF/sam0/drivers/system/clock/clock_samd20/clock.o
 .text.system_clock_source_osc8m_get_config_defaults
                0x00001d2e       0x22 src/ASF/sam0/drivers/system/clock/clock_samd20/clock.o
 .text.system_cpu_clock_set_divider
                0x00001d50       0x20 src/ASF/sam0/drivers/system/clock/clock_samd20/clock.o
 .text.system_apb_clock_set_divider
                0x00001d70       0x54 src/ASF/sam0/drivers/system/clock/clock_samd20/clock.o
 .text.system_flash_set_waitstates
                0x00001dc4       0x34 src/ASF/sam0/drivers/system/clock/clock_samd20/clock.o
 .text._system_dfll_wait_for_sync
                0x00001df8       0x1c src/ASF/sam0/drivers/system/clock/clock_samd20/clock.o
 .text._system_clock_source_dfll_set_config_errata_9905
                0x00001e14       0x44 src/ASF/sam0/drivers/system/clock/clock_samd20/clock.o
 .text.system_clock_source_get_hz
                0x00001e58       0xa4 src/ASF/sam0/drivers/system/clock/clock_samd20/clock.o
                0x00001e58                system_clock_source_get_hz
 .text.system_clock_source_osc8m_set_config
                0x00001efc       0x78 src/ASF/sam0/drivers/system/clock/clock_samd20/clock.o
                0x00001efc                system_clock_source_osc8m_set_config
 .text.system_clock_source_enable
                0x00001f74       0x94 src/ASF/sam0/drivers/system/clock/clock_samd20/clock.o
                0x00001f74                system_clock_source_enable
 .text._switch_peripheral_gclk
                0x00002008       0x38 src/ASF/sam0/drivers/system/clock/clock_samd20/clock.o
 .text.system_clock_init
                0x00002040       0xd4 src/ASF/sam0/drivers/system/clock/clock_samd20/clock.o
                0x00002040                system_clock_init
 .text.system_apb_clock_set_mask
                0x00002114       0x5c src/ASF/sam0/drivers/system/clock/clock_samd20/gclk.o
 .text.system_interrupt_enter_critical_section
                0x00002170       0x14 src/ASF/sam0/drivers/system/clock/clock_samd20/gclk.o
 .text.system_interrupt_leave_critical_section
                0x00002184       0x14 src/ASF/sam0/drivers/system/clock/clock_samd20/gclk.o
 .text.system_gclk_is_syncing
                0x00002198       0x20 src/ASF/sam0/drivers/system/clock/clock_samd20/gclk.o
 .text.system_gclk_init
                0x000021b8       0x30 src/ASF/sam0/drivers/system/clock/clock_samd20/gclk.o
                0x000021b8                system_gclk_init
 .text.system_gclk_gen_set_config
                0x000021e8      0x124 src/ASF/sam0/drivers/system/clock/clock_samd20/gclk.o
                0x000021e8                system_gclk_gen_set_config
 .text.system_gclk_gen_enable
                0x0000230c       0x5c src/ASF/sam0/drivers/system/clock/clock_samd20/gclk.o
                0x0000230c                system_gclk_gen_enable
 .text.system_gclk_gen_get_hz
                0x00002368       0xd8 src/ASF/sam0/drivers/system/clock/clock_samd20/gclk.o
                0x00002368                system_gclk_gen_get_hz
 .text.system_gclk_chan_set_config
                0x00002440       0x44 src/ASF/sam0/drivers/system/clock/clock_samd20/gclk.o
                0x00002440                system_gclk_chan_set_config
 .text.system_gclk_chan_enable
                0x00002484       0x48 src/ASF/sam0/drivers/system/clock/clock_samd20/gclk.o
                0x00002484                system_gclk_chan_enable
 .text.system_gclk_chan_disable
                0x000024cc       0x98 src/ASF/sam0/drivers/system/clock/clock_samd20/gclk.o
                0x000024cc                system_gclk_chan_disable
 .text.system_gclk_chan_get_hz
                0x00002564       0x58 src/ASF/sam0/drivers/system/clock/clock_samd20/gclk.o
                0x00002564                system_gclk_chan_get_hz
 .text.system_pinmux_get_group_from_gpio_pin
                0x000025bc       0x60 src/ASF/sam0/drivers/system/pinmux/pinmux.o
 .text._system_pinmux_config
                0x0000261c      0x110 src/ASF/sam0/drivers/system/pinmux/pinmux.o
 .text.system_pinmux_pin_set_config
                0x0000272c       0x48 src/ASF/sam0/drivers/system/pinmux/pinmux.o
                0x0000272c                system_pinmux_pin_set_config
 .text._system_dummy_init
                0x00002774        0xa src/ASF/sam0/drivers/system/system.o
                0x00002774                _system_extint_init
                0x00002774                _system_events_init
                0x00002774                _system_dummy_init
                0x00002774                _system_divas_init
 *fill*         0x0000277e        0x2 
 .text.system_init
                0x00002780       0x34 src/ASF/sam0/drivers/system/system.o
                0x00002780                system_init
 .text.Reset_Handler
                0x000027b4       0x94 src/ASF/sam0/utils/cmsis/samd20/source/gcc/startup_samd20.o
                0x000027b4                Reset_Handler
 .text.Dummy_Handler
                0x00002848       0x18 src/ASF/sam0/utils/cmsis/samd20/source/gcc/startup_samd20.o
                0x00002848                HardFault_Handler
                0x00002848                TC2_Handler
                0x00002848                AC_Handler
                0x00002848                SysTick_Handler
                0x00002848                PendSV_Handler
                0x00002848                NMI_Handler
                0x00002848                SERCOM1_Handler
                0x00002848                ADC_Handler
                0x00002848                SERCOM2_Handler
                0x00002848                RTC_Handler
                0x00002848                EIC_Handler
                0x00002848                WDT_Handler
                0x00002848                TC4_Handler
                0x00002848                TC1_Handler
                0x00002848                TC3_Handler
                0x00002848                Dummy_Handler
                0x00002848                PM_Handler
                0x00002848                SERCOM5_Handler
                0x00002848                SVC_Handler
                0x00002848                EVSYS_Handler
                0x00002848                SERCOM3_Handler
                0x00002848                SERCOM4_Handler
                0x00002848                NVMCTRL_Handler
                0x00002848                SERCOM0_Handler
                0x00002848                DAC_Handler
                0x00002848                PTC_Handler
                0x00002848                TC0_Handler
                0x00002848                TC5_Handler
                0x00002848                SYSCTRL_Handler
 .text.bme280_data_decompress
                0x00002860       0x60 src/main.o
                0x00002860                bme280_data_decompress
 .text.main     0x000028c0      0x140 src/main.o
                0x000028c0                main
 .text          0x00002a00      0x114 c:/program files (x86)/atmel/studio/7.0/toolchain/arm/arm-gnu-toolchain/bin/../lib/gcc/arm-none-eabi/6.3.1/thumb/v6-m\libgcc.a(_udivsi3.o)
                0x00002a00                __aeabi_uidiv
                0x00002a00                __udivsi3
                0x00002b0c                __aeabi_uidivmod
 .text          0x00002b14      0x1d4 c:/program files (x86)/atmel/studio/7.0/toolchain/arm/arm-gnu-toolchain/bin/../lib/gcc/arm-none-eabi/6.3.1/thumb/v6-m\libgcc.a(_divsi3.o)
                0x00002b14                __divsi3
                0x00002b14                __aeabi_idiv
                0x00002ce0                __aeabi_idivmod
 .text          0x00002ce8        0x4 c:/program files (x86)/atmel/studio/7.0/toolchain/arm/arm-gnu-toolchain/bin/../lib/gcc/arm-none-eabi/6.3.1/thumb/v6-m\libgcc.a(_dvmd_tls.o)
                0x00002ce8                __aeabi_idiv0
                0x00002ce8                __aeabi_ldiv0
 .text.__libc_init_array
                0x00002cec       0x48 c:/program files (x86)/atmel/studio/7.0/toolchain/arm/arm-gnu-toolchain/bin/../lib/gcc/arm-none-eabi/6.3.1/../../../../arm-none-eabi/lib/thumb/v6-m\libc_nano.a(lib_a-init.o)
                0x00002cec                __libc_init_array
 .text.memset   0x00002d34       0x10 c:/program files (x86)/atmel/studio/7.0/toolchain/arm/arm-gnu-toolchain/bin/../lib/gcc/arm-none-eabi/6.3.1/../../../../arm-none-eabi/lib/thumb/v6-m\libc_nano.a(lib_a-memset.o)
                0x00002d34                memset
 *(.glue_7t)
 .glue_7t       0x00002d44        0x0 linker stubs
 *(.glue_7)
 .glue_7        0x00002d44        0x0 linker stubs
 *(.rodata .rodata* .gnu.linkonce.r.*)
 .rodata        0x00002d44       0x18 src/ASF/sam0/drivers/sercom/sercom.o
 .rodata.system_clock_source_get_hz
                0x00002d5c       0x20 src/ASF/sam0/drivers/system/clock/clock_samd20/clock.o
 .rodata.system_clock_source_enable
                0x00002d7c       0x20 src/ASF/sam0/drivers/system/clock/clock_samd20/clock.o
 *(.ARM.extab* .gnu.linkonce.armextab.*)
                0x00002d9c                . = ALIGN (0x4)
 *(.init)
 .init          0x00002d9c        0x4 c:/program files (x86)/atmel/studio/7.0/toolchain/arm/arm-gnu-toolchain/bin/../lib/gcc/arm-none-eabi/6.3.1/thumb/v6-m/crti.o
                0x00002d9c                _init
 .init          0x00002da0        0x8 c:/program files (x86)/atmel/studio/7.0/toolchain/arm/arm-gnu-toolchain/bin/../lib/gcc/arm-none-eabi/6.3.1/thumb/v6-m/crtn.o
                0x00002da8                . = ALIGN (0x4)
                0x00002da8                __preinit_array_start = .
 *(.preinit_array)
                0x00002da8                __preinit_array_end = .
                0x00002da8                . = ALIGN (0x4)
                0x00002da8                __init_array_start = .
 *(SORT(.init_array.*))
 *(.init_array)
 .init_array    0x00002da8        0x4 c:/program files (x86)/atmel/studio/7.0/toolchain/arm/arm-gnu-toolchain/bin/../lib/gcc/arm-none-eabi/6.3.1/thumb/v6-m/crtbegin.o
                0x00002dac                __init_array_end = .
                0x00002dac                . = ALIGN (0x4)
 *crtbegin.o(.ctors)
 *(EXCLUDE_FILE(*crtend.o) .ctors)
 *(SORT(.ctors.*))
 *crtend.o(.ctors)
                0x00002dac                . = ALIGN (0x4)
 *(.fini)
 .fini          0x00002dac        0x4 c:/program files (x86)/atmel/studio/7.0/toolchain/arm/arm-gnu-toolchain/bin/../lib/gcc/arm-none-eabi/6.3.1/thumb/v6-m/crti.o
                0x00002dac                _fini
 .fini          0x00002db0        0x8 c:/program files (x86)/atmel/studio/7.0/toolchain/arm/arm-gnu-toolchain/bin/../lib/gcc/arm-none-eabi/6.3.1/thumb/v6-m/crtn.o
                0x00002db8                . = ALIGN (0x4)
                0x00002db8                __fini_array_start = .
 *(.fini_array)
 .fini_array    0x00002db8        0x4 c:/program files (x86)/atmel/studio/7.0/toolchain/arm/arm-gnu-toolchain/bin/../lib/gcc/arm-none-eabi/6.3.1/thumb/v6-m/crtbegin.o
 *(SORT(.fini_array.*))
                0x00002dbc                __fini_array_end = .
 *crtbegin.o(.dtors)
 *(EXCLUDE_FILE(*crtend.o) .dtors)
 *(SORT(.dtors.*))
 *crtend.o(.dtors)
                0x00002dbc                . = ALIGN (0x4)
                0x00002dbc                _efixed = .
                [!provide]                PROVIDE (__exidx_start, .)

.vfp11_veneer   0x00002dbc        0x0
 .vfp11_veneer  0x00002dbc        0x0 linker stubs

.v4_bx          0x00002dbc        0x0
 .v4_bx         0x00002dbc        0x0 linker stubs

.iplt           0x00002dbc        0x0
 .iplt          0x00002dbc        0x0 c:/program files (x86)/atmel/studio/7.0/toolchain/arm/arm-gnu-toolchain/bin/../lib/gcc/arm-none-eabi/6.3.1/thumb/v6-m/crtbegin.o

.eh_frame       0x00002dbc        0x0
 .eh_frame      0x00002dbc        0x0 c:/program files (x86)/atmel/studio/7.0/toolchain/arm/arm-gnu-toolchain/bin/../lib/gcc/arm-none-eabi/6.3.1/thumb/v6-m/crtbegin.o

.rel.dyn        0x00002dbc        0x0
 .rel.iplt      0x00002dbc        0x0 c:/program files (x86)/atmel/studio/7.0/toolchain/arm/arm-gnu-toolchain/bin/../lib/gcc/arm-none-eabi/6.3.1/thumb/v6-m/crtbegin.o

.jcr            0x00002dbc        0x0
 .jcr           0x00002dbc        0x0 c:/program files (x86)/atmel/studio/7.0/toolchain/arm/arm-gnu-toolchain/bin/../lib/gcc/arm-none-eabi/6.3.1/thumb/v6-m/crtbegin.o

.igot.plt       0x00002dbc        0x0
 .igot.plt      0x00002dbc        0x0 c:/program files (x86)/atmel/studio/7.0/toolchain/arm/arm-gnu-toolchain/bin/../lib/gcc/arm-none-eabi/6.3.1/thumb/v6-m/crtbegin.o

.ARM.exidx
 *(.ARM.exidx* .gnu.linkonce.armexidx.*)
                [!provide]                PROVIDE (__exidx_end, .)
                0x00002dbc                . = ALIGN (0x4)
                0x00002dbc                _etext = .

.relocate       0x20000000       0x18 load address 0x00002dbc
                0x20000000                . = ALIGN (0x4)
                0x20000000                _srelocate = .
 *(.ramfunc .ramfunc.*)
 *(.data .data.*)
 .data.cycles_per_ms
                0x20000000        0x4 src/ASF/common2/services/delay/sam0/systick_counter.o
 .data.cycles_per_us
                0x20000004        0x4 src/ASF/common2/services/delay/sam0/systick_counter.o
 .data.g_interrupt_enabled
                0x20000008        0x1 src/ASF/common/utils/interrupt/interrupt_sam_nvic.o
                0x20000008                g_interrupt_enabled
 *fill*         0x20000009        0x3 
 .data.phantomISR
                0x2000000c        0x4 src/ASF/sam0/utils/cmsis/samd20/source/gcc/startup_samd20.o
                0x2000000c                phantomISR
 .data.RX_ADDR  0x20000010        0x5 src/main.o
                0x20000010                RX_ADDR
                0x20000018                . = ALIGN (0x4)
 *fill*         0x20000015        0x3 
                0x20000018                _erelocate = .

.bss            0x20000018       0x7c load address 0x00002dd4
                0x20000018                . = ALIGN (0x4)
                0x20000018                _sbss = .
                0x20000018                _szero = .
 *(.bss .bss.*)
 .bss           0x20000018       0x1c c:/program files (x86)/atmel/studio/7.0/toolchain/arm/arm-gnu-toolchain/bin/../lib/gcc/arm-none-eabi/6.3.1/thumb/v6-m/crtbegin.o
 .bss._sercom_config
                0x20000034        0x2 src/ASF/sam0/drivers/sercom/sercom.o
 *fill*         0x20000036        0x2 
 .bss.cpu_irq_critical_section_counter
                0x20000038        0x4 src/ASF/common/utils/interrupt/interrupt_sam_nvic.o
 .bss.cpu_irq_prev_interrupt_state
                0x2000003c        0x1 src/ASF/common/utils/interrupt/interrupt_sam_nvic.o
 *fill*         0x2000003d        0x3 
 .bss._system_clock_inst
                0x20000040       0x14 src/ASF/sam0/drivers/system/clock/clock_samd20/clock.o
 *(COMMON)
 COMMON         0x20000054        0xc src/nrf24l01.o
                0x20000054                nrf24l01_slave_instance
                0x20000058                spi_master_instance
 COMMON         0x20000060       0x31 src/main.o
                0x20000060                bme280_data_object
                0x20000070                RX_Buffer
                0x20000094                . = ALIGN (0x4)
 *fill*         0x20000091        0x3 
                0x20000094                _ebss = .
                0x20000094                _ezero = .

.stack          0x20000094     0x1004 load address 0x00002e50
                0x20000098                . = ALIGN (0x8)
 *fill*         0x20000094        0x4 
                0x20000098                _sstack = .
                0x20001098                . = (. + STACK_SIZE)
 *fill*         0x20000098     0x1000 
                0x20001098                . = ALIGN (0x8)
                0x20001098                _estack = .
                0x20001098                . = ALIGN (0x4)
                0x20001098                _end = .
OUTPUT(mastertest.elf elf32-littlearm)

.ARM.attributes
                0x00000000       0x28
 .ARM.attributes
                0x00000000       0x1e c:/program files (x86)/atmel/studio/7.0/toolchain/arm/arm-gnu-toolchain/bin/../lib/gcc/arm-none-eabi/6.3.1/thumb/v6-m/crti.o
 .ARM.attributes
                0x0000001e       0x2c c:/program files (x86)/atmel/studio/7.0/toolchain/arm/arm-gnu-toolchain/bin/../lib/gcc/arm-none-eabi/6.3.1/thumb/v6-m/crtbegin.o
 .ARM.attributes
                0x0000004a       0x32 src/ASF/sam0/drivers/port/port.o
 .ARM.attributes
                0x0000007c       0x32 src/ASF/sam0/drivers/sercom/sercom.o
 .ARM.attributes
                0x000000ae       0x32 src/ASF/sam0/drivers/sercom/spi/spi.o
 .ARM.attributes
                0x000000e0       0x32 src/nrf24l01.o
 .ARM.attributes
                0x00000112       0x32 src/spi_master.o
 .ARM.attributes
                0x00000144       0x32 src/ASF/common2/services/delay/sam0/systick_counter.o
 .ARM.attributes
                0x00000176       0x32 src/LED.o
 .ARM.attributes
                0x000001a8       0x32 src/ASF/common2/boards/user_board/init.o
 .ARM.attributes
                0x000001da       0x32 src/ASF/common/utils/interrupt/interrupt_sam_nvic.o
 .ARM.attributes
                0x0000020c       0x32 src/ASF/sam0/drivers/system/clock/clock_samd20/clock.o
 .ARM.attributes
                0x0000023e       0x32 src/ASF/sam0/drivers/system/clock/clock_samd20/gclk.o
 .ARM.attributes
                0x00000270       0x32 src/ASF/sam0/drivers/system/pinmux/pinmux.o
 .ARM.attributes
                0x000002a2       0x32 src/ASF/sam0/drivers/system/system.o
 .ARM.attributes
                0x000002d4       0x32 src/ASF/sam0/utils/cmsis/samd20/source/gcc/startup_samd20.o
 .ARM.attributes
                0x00000306       0x32 src/main.o
 .ARM.attributes
                0x00000338       0x1e c:/program files (x86)/atmel/studio/7.0/toolchain/arm/arm-gnu-toolchain/bin/../lib/gcc/arm-none-eabi/6.3.1/thumb/v6-m\libgcc.a(_udivsi3.o)
 .ARM.attributes
                0x00000356       0x1e c:/program files (x86)/atmel/studio/7.0/toolchain/arm/arm-gnu-toolchain/bin/../lib/gcc/arm-none-eabi/6.3.1/thumb/v6-m\libgcc.a(_divsi3.o)
 .ARM.attributes
                0x00000374       0x1e c:/program files (x86)/atmel/studio/7.0/toolchain/arm/arm-gnu-toolchain/bin/../lib/gcc/arm-none-eabi/6.3.1/thumb/v6-m\libgcc.a(_dvmd_tls.o)
 .ARM.attributes
                0x00000392       0x2c c:/program files (x86)/atmel/studio/7.0/toolchain/arm/arm-gnu-toolchain/bin/../lib/gcc/arm-none-eabi/6.3.1/../../../../arm-none-eabi/lib/thumb/v6-m\libc_nano.a(lib_a-init.o)
 .ARM.attributes
                0x000003be       0x2c c:/program files (x86)/atmel/studio/7.0/toolchain/arm/arm-gnu-toolchain/bin/../lib/gcc/arm-none-eabi/6.3.1/../../../../arm-none-eabi/lib/thumb/v6-m\libc_nano.a(lib_a-memset.o)
 .ARM.attributes
                0x000003ea       0x1e c:/program files (x86)/atmel/studio/7.0/toolchain/arm/arm-gnu-toolchain/bin/../lib/gcc/arm-none-eabi/6.3.1/thumb/v6-m/crtn.o

.comment        0x00000000       0x59
 .comment       0x00000000       0x59 src/ASF/sam0/drivers/port/port.o
                                 0x5a (size before relaxing)
 .comment       0x00000059       0x5a src/ASF/sam0/drivers/sercom/sercom.o
 .comment       0x00000059       0x5a src/ASF/sam0/drivers/sercom/spi/spi.o
 .comment       0x00000059       0x5a src/nrf24l01.o
 .comment       0x00000059       0x5a src/spi_master.o
 .comment       0x00000059       0x5a src/ASF/common2/services/delay/sam0/systick_counter.o
 .comment       0x00000059       0x5a src/LED.o
 .comment       0x00000059       0x5a src/ASF/common2/boards/user_board/init.o
 .comment       0x00000059       0x5a src/ASF/common/utils/interrupt/interrupt_sam_nvic.o
 .comment       0x00000059       0x5a src/ASF/sam0/drivers/system/clock/clock_samd20/clock.o
 .comment       0x00000059       0x5a src/ASF/sam0/drivers/system/clock/clock_samd20/gclk.o
 .comment       0x00000059       0x5a src/ASF/sam0/drivers/system/pinmux/pinmux.o
 .comment       0x00000059       0x5a src/ASF/sam0/drivers/system/system.o
 .comment       0x00000059       0x5a src/ASF/sam0/utils/cmsis/samd20/source/gcc/startup_samd20.o
 .comment       0x00000059       0x5a src/main.o

.debug_info     0x00000000    0x1d810
 .debug_info    0x00000000     0x127c src/ASF/sam0/drivers/port/port.o
 .debug_info    0x0000127c     0x2612 src/ASF/sam0/drivers/sercom/sercom.o
 .debug_info    0x0000388e     0x4f74 src/ASF/sam0/drivers/sercom/spi/spi.o
 .debug_info    0x00008802     0x3174 src/nrf24l01.o
 .debug_info    0x0000b976     0x2f84 src/spi_master.o
 .debug_info    0x0000e8fa      0xb60 src/ASF/common2/services/delay/sam0/systick_counter.o
 .debug_info    0x0000f45a     0x284e src/LED.o
 .debug_info    0x00011ca8      0xa40 src/ASF/common2/boards/user_board/init.o
 .debug_info    0x000126e8      0xb0c src/ASF/common/utils/interrupt/interrupt_sam_nvic.o
 .debug_info    0x000131f4     0x3c67 src/ASF/sam0/drivers/system/clock/clock_samd20/clock.o
 .debug_info    0x00016e5b     0x1c2b src/ASF/sam0/drivers/system/clock/clock_samd20/gclk.o
 .debug_info    0x00018a86     0x133d src/ASF/sam0/drivers/system/pinmux/pinmux.o
 .debug_info    0x00019dc3      0xa74 src/ASF/sam0/drivers/system/system.o
 .debug_info    0x0001a837      0xa24 src/ASF/sam0/utils/cmsis/samd20/source/gcc/startup_samd20.o
 .debug_info    0x0001b25b     0x25b5 src/main.o

.debug_abbrev   0x00000000     0x296a
 .debug_abbrev  0x00000000      0x27b src/ASF/sam0/drivers/port/port.o
 .debug_abbrev  0x0000027b      0x30e src/ASF/sam0/drivers/sercom/sercom.o
 .debug_abbrev  0x00000589      0x3d4 src/ASF/sam0/drivers/sercom/spi/spi.o
 .debug_abbrev  0x0000095d      0x39f src/nrf24l01.o
 .debug_abbrev  0x00000cfc      0x309 src/spi_master.o
 .debug_abbrev  0x00001005      0x22d src/ASF/common2/services/delay/sam0/systick_counter.o
 .debug_abbrev  0x00001232      0x28d src/LED.o
 .debug_abbrev  0x000014bf      0x1be src/ASF/common2/boards/user_board/init.o
 .debug_abbrev  0x0000167d      0x22e src/ASF/common/utils/interrupt/interrupt_sam_nvic.o
 .debug_abbrev  0x000018ab      0x3dd src/ASF/sam0/drivers/system/clock/clock_samd20/clock.o
 .debug_abbrev  0x00001c88      0x37a src/ASF/sam0/drivers/system/clock/clock_samd20/gclk.o
 .debug_abbrev  0x00002002      0x2b7 src/ASF/sam0/drivers/system/pinmux/pinmux.o
 .debug_abbrev  0x000022b9      0x1e1 src/ASF/sam0/drivers/system/system.o
 .debug_abbrev  0x0000249a      0x200 src/ASF/sam0/utils/cmsis/samd20/source/gcc/startup_samd20.o
 .debug_abbrev  0x0000269a      0x2d0 src/main.o

.debug_loc      0x00000000     0x1b2c
 .debug_loc     0x00000000       0xa8 src/ASF/sam0/drivers/port/port.o
 .debug_loc     0x000000a8      0x18c src/ASF/sam0/drivers/sercom/sercom.o
 .debug_loc     0x00000234      0x5e2 src/ASF/sam0/drivers/sercom/spi/spi.o
 .debug_loc     0x00000816      0x4a2 src/nrf24l01.o
 .debug_loc     0x00000cb8      0x232 src/spi_master.o
 .debug_loc     0x00000eea       0xd4 src/ASF/common2/services/delay/sam0/systick_counter.o
 .debug_loc     0x00000fbe       0x9c src/LED.o
 .debug_loc     0x0000105a       0x2c src/ASF/common2/boards/user_board/init.o
 .debug_loc     0x00001086       0x64 src/ASF/common/utils/interrupt/interrupt_sam_nvic.o
 .debug_loc     0x000010ea      0x46a src/ASF/sam0/drivers/system/clock/clock_samd20/clock.o
 .debug_loc     0x00001554      0x388 src/ASF/sam0/drivers/system/clock/clock_samd20/gclk.o
 .debug_loc     0x000018dc      0x118 src/ASF/sam0/drivers/system/pinmux/pinmux.o
 .debug_loc     0x000019f4       0x58 src/ASF/sam0/drivers/system/system.o
 .debug_loc     0x00001a4c       0x70 src/ASF/sam0/utils/cmsis/samd20/source/gcc/startup_samd20.o
 .debug_loc     0x00001abc       0x70 src/main.o

.debug_aranges  0x00000000      0x568
 .debug_aranges
                0x00000000       0x30 src/ASF/sam0/drivers/port/port.o
 .debug_aranges
                0x00000030       0x50 src/ASF/sam0/drivers/sercom/sercom.o
 .debug_aranges
                0x00000080       0xf0 src/ASF/sam0/drivers/sercom/spi/spi.o
 .debug_aranges
                0x00000170       0xc8 src/nrf24l01.o
 .debug_aranges
                0x00000238       0x68 src/spi_master.o
 .debug_aranges
                0x000002a0       0x38 src/ASF/common2/services/delay/sam0/systick_counter.o
 .debug_aranges
                0x000002d8       0x30 src/LED.o
 .debug_aranges
                0x00000308       0x20 src/ASF/common2/boards/user_board/init.o
 .debug_aranges
                0x00000328       0x28 src/ASF/common/utils/interrupt/interrupt_sam_nvic.o
 .debug_aranges
                0x00000350       0xc0 src/ASF/sam0/drivers/system/clock/clock_samd20/clock.o
 .debug_aranges
                0x00000410       0xa0 src/ASF/sam0/drivers/system/clock/clock_samd20/gclk.o
 .debug_aranges
                0x000004b0       0x40 src/ASF/sam0/drivers/system/pinmux/pinmux.o
 .debug_aranges
                0x000004f0       0x28 src/ASF/sam0/drivers/system/system.o
 .debug_aranges
                0x00000518       0x28 src/ASF/sam0/utils/cmsis/samd20/source/gcc/startup_samd20.o
 .debug_aranges
                0x00000540       0x28 src/main.o

.debug_ranges   0x00000000      0x478
 .debug_ranges  0x00000000       0x20 src/ASF/sam0/drivers/port/port.o
 .debug_ranges  0x00000020       0x40 src/ASF/sam0/drivers/sercom/sercom.o
 .debug_ranges  0x00000060       0xe0 src/ASF/sam0/drivers/sercom/spi/spi.o
 .debug_ranges  0x00000140       0xb8 src/nrf24l01.o
 .debug_ranges  0x000001f8       0x58 src/spi_master.o
 .debug_ranges  0x00000250       0x28 src/ASF/common2/services/delay/sam0/systick_counter.o
 .debug_ranges  0x00000278       0x20 src/LED.o
 .debug_ranges  0x00000298       0x10 src/ASF/common2/boards/user_board/init.o
 .debug_ranges  0x000002a8       0x18 src/ASF/common/utils/interrupt/interrupt_sam_nvic.o
 .debug_ranges  0x000002c0       0xb0 src/ASF/sam0/drivers/system/clock/clock_samd20/clock.o
 .debug_ranges  0x00000370       0x90 src/ASF/sam0/drivers/system/clock/clock_samd20/gclk.o
 .debug_ranges  0x00000400       0x30 src/ASF/sam0/drivers/system/pinmux/pinmux.o
 .debug_ranges  0x00000430       0x18 src/ASF/sam0/drivers/system/system.o
 .debug_ranges  0x00000448       0x18 src/ASF/sam0/utils/cmsis/samd20/source/gcc/startup_samd20.o
 .debug_ranges  0x00000460       0x18 src/main.o

.debug_macro    0x00000000    0x129be
 .debug_macro   0x00000000      0x4aa src/ASF/sam0/drivers/port/port.o
 .debug_macro   0x000004aa      0x8b6 src/ASF/sam0/drivers/port/port.o
 .debug_macro   0x00000d60      0x16d src/ASF/sam0/drivers/port/port.o
 .debug_macro   0x00000ecd      0x6d7 src/ASF/sam0/drivers/port/port.o
 .debug_macro   0x000015a4       0x22 src/ASF/sam0/drivers/port/port.o
 .debug_macro   0x000015c6       0x87 src/ASF/sam0/drivers/port/port.o
 .debug_macro   0x0000164d       0x51 src/ASF/sam0/drivers/port/port.o
 .debug_macro   0x0000169e       0xef src/ASF/sam0/drivers/port/port.o
 .debug_macro   0x0000178d       0x6a src/ASF/sam0/drivers/port/port.o
 .debug_macro   0x000017f7      0x1df src/ASF/sam0/drivers/port/port.o
 .debug_macro   0x000019d6       0x10 src/ASF/sam0/drivers/port/port.o
 .debug_macro   0x000019e6       0x76 src/ASF/sam0/drivers/port/port.o
 .debug_macro   0x00001a5c       0x16 src/ASF/sam0/drivers/port/port.o
 .debug_macro   0x00001a72      0x6db src/ASF/sam0/drivers/port/port.o
 .debug_macro   0x0000214d      0xdd8 src/ASF/sam0/drivers/port/port.o
 .debug_macro   0x00002f25       0x22 src/ASF/sam0/drivers/port/port.o
 .debug_macro   0x00002f47       0x40 src/ASF/sam0/drivers/port/port.o
 .debug_macro   0x00002f87       0x3a src/ASF/sam0/drivers/port/port.o
 .debug_macro   0x00002fc1       0x1f src/ASF/sam0/drivers/port/port.o
 .debug_macro   0x00002fe0      0x250 src/ASF/sam0/drivers/port/port.o
 .debug_macro   0x00003230      0x682 src/ASF/sam0/drivers/port/port.o
 .debug_macro   0x000038b2      0x8b8 src/ASF/sam0/drivers/port/port.o
 .debug_macro   0x0000416a      0x224 src/ASF/sam0/drivers/port/port.o
 .debug_macro   0x0000438e      0x61a src/ASF/sam0/drivers/port/port.o
 .debug_macro   0x000049a8      0x9f8 src/ASF/sam0/drivers/port/port.o
 .debug_macro   0x000053a0      0x5ca src/ASF/sam0/drivers/port/port.o
 .debug_macro   0x0000596a      0x4ac src/ASF/sam0/drivers/port/port.o
 .debug_macro   0x00005e16      0x743 src/ASF/sam0/drivers/port/port.o
 .debug_macro   0x00006559       0x5e src/ASF/sam0/drivers/port/port.o
 .debug_macro   0x000065b7      0x5e0 src/ASF/sam0/drivers/port/port.o
 .debug_macro   0x00006b97      0x3b6 src/ASF/sam0/drivers/port/port.o
 .debug_macro   0x00006f4d      0xc7d src/ASF/sam0/drivers/port/port.o
 .debug_macro   0x00007bca      0xd29 src/ASF/sam0/drivers/port/port.o
 .debug_macro   0x000088f3      0x7b3 src/ASF/sam0/drivers/port/port.o
 .debug_macro   0x000090a6      0x6ba src/ASF/sam0/drivers/port/port.o
 .debug_macro   0x00009760      0x347 src/ASF/sam0/drivers/port/port.o
 .debug_macro   0x00009aa7       0x7c src/ASF/sam0/drivers/port/port.o
 .debug_macro   0x00009b23       0x9a src/ASF/sam0/drivers/port/port.o
 .debug_macro   0x00009bbd       0x46 src/ASF/sam0/drivers/port/port.o
 .debug_macro   0x00009c03       0xb2 src/ASF/sam0/drivers/port/port.o
 .debug_macro   0x00009cb5       0x6a src/ASF/sam0/drivers/port/port.o
 .debug_macro   0x00009d1f      0x27d src/ASF/sam0/drivers/port/port.o
 .debug_macro   0x00009f9c       0x7c src/ASF/sam0/drivers/port/port.o
 .debug_macro   0x0000a018       0xc4 src/ASF/sam0/drivers/port/port.o
 .debug_macro   0x0000a0dc       0x1c src/ASF/sam0/drivers/port/port.o
 .debug_macro   0x0000a0f8       0x1c src/ASF/sam0/drivers/port/port.o
 .debug_macro   0x0000a114       0x1c src/ASF/sam0/drivers/port/port.o
 .debug_macro   0x0000a130       0x82 src/ASF/sam0/drivers/port/port.o
 .debug_macro   0x0000a1b2      0x15a src/ASF/sam0/drivers/port/port.o
 .debug_macro   0x0000a30c       0xdc src/ASF/sam0/drivers/port/port.o
 .debug_macro   0x0000a3e8      0x100 src/ASF/sam0/drivers/port/port.o
 .debug_macro   0x0000a4e8      0x100 src/ASF/sam0/drivers/port/port.o
 .debug_macro   0x0000a5e8      0x100 src/ASF/sam0/drivers/port/port.o
 .debug_macro   0x0000a6e8      0x100 src/ASF/sam0/drivers/port/port.o
 .debug_macro   0x0000a7e8      0x100 src/ASF/sam0/drivers/port/port.o
 .debug_macro   0x0000a8e8      0x100 src/ASF/sam0/drivers/port/port.o
 .debug_macro   0x0000a9e8       0xfa src/ASF/sam0/drivers/port/port.o
 .debug_macro   0x0000aae2       0xbe src/ASF/sam0/drivers/port/port.o
 .debug_macro   0x0000aba0       0xbe src/ASF/sam0/drivers/port/port.o
 .debug_macro   0x0000ac5e       0xbe src/ASF/sam0/drivers/port/port.o
 .debug_macro   0x0000ad1c       0xbe src/ASF/sam0/drivers/port/port.o
 .debug_macro   0x0000adda       0xbe src/ASF/sam0/drivers/port/port.o
 .debug_macro   0x0000ae98       0xbe src/ASF/sam0/drivers/port/port.o
 .debug_macro   0x0000af56       0x40 src/ASF/sam0/drivers/port/port.o
 .debug_macro   0x0000af96      0x2c7 src/ASF/sam0/drivers/port/port.o
 .debug_macro   0x0000b25d     0x1344 src/ASF/sam0/drivers/port/port.o
 .debug_macro   0x0000c5a1       0x4a src/ASF/sam0/drivers/port/port.o
 .debug_macro   0x0000c5eb       0x58 src/ASF/sam0/drivers/port/port.o
 .debug_macro   0x0000c643       0x35 src/ASF/sam0/drivers/port/port.o
 .debug_macro   0x0000c678       0x9c src/ASF/sam0/drivers/port/port.o
 .debug_macro   0x0000c714       0x16 src/ASF/sam0/drivers/port/port.o
 .debug_macro   0x0000c72a       0x35 src/ASF/sam0/drivers/port/port.o
 .debug_macro   0x0000c75f      0x353 src/ASF/sam0/drivers/port/port.o
 .debug_macro   0x0000cab2       0x10 src/ASF/sam0/drivers/port/port.o
 .debug_macro   0x0000cac2       0x58 src/ASF/sam0/drivers/port/port.o
 .debug_macro   0x0000cb1a       0x1f src/ASF/sam0/drivers/port/port.o
 .debug_macro   0x0000cb39       0x43 src/ASF/sam0/drivers/port/port.o
 .debug_macro   0x0000cb7c       0x20 src/ASF/sam0/drivers/port/port.o
 .debug_macro   0x0000cb9c      0x187 src/ASF/sam0/drivers/port/port.o
 .debug_macro   0x0000cd23       0x10 src/ASF/sam0/drivers/port/port.o
 .debug_macro   0x0000cd33       0x1c src/ASF/sam0/drivers/port/port.o
 .debug_macro   0x0000cd4f       0x52 src/ASF/sam0/drivers/port/port.o
 .debug_macro   0x0000cda1       0x40 src/ASF/sam0/drivers/port/port.o
 .debug_macro   0x0000cde1       0x10 src/ASF/sam0/drivers/port/port.o
 .debug_macro   0x0000cdf1       0x40 src/ASF/sam0/drivers/port/port.o
 .debug_macro   0x0000ce31       0xd7 src/ASF/sam0/drivers/port/port.o
 .debug_macro   0x0000cf08       0x16 src/ASF/sam0/drivers/port/port.o
 .debug_macro   0x0000cf1e      0x18b src/ASF/sam0/drivers/port/port.o
 .debug_macro   0x0000d0a9       0x16 src/ASF/sam0/drivers/port/port.o
 .debug_macro   0x0000d0bf       0x16 src/ASF/sam0/drivers/port/port.o
 .debug_macro   0x0000d0d5       0x29 src/ASF/sam0/drivers/port/port.o
 .debug_macro   0x0000d0fe       0x51 src/ASF/sam0/drivers/port/port.o
 .debug_macro   0x0000d14f       0x3e src/ASF/sam0/drivers/port/port.o
 .debug_macro   0x0000d18d      0x3d1 src/ASF/sam0/drivers/port/port.o
 .debug_macro   0x0000d55e       0x11 src/ASF/sam0/drivers/port/port.o
 .debug_macro   0x0000d56f       0x12 src/ASF/sam0/drivers/port/port.o
 .debug_macro   0x0000d581      0x51e src/ASF/sam0/drivers/sercom/sercom.o
 .debug_macro   0x0000da9f       0x16 src/ASF/sam0/drivers/sercom/sercom.o
 .debug_macro   0x0000dab5       0x2e src/ASF/sam0/drivers/sercom/sercom.o
 .debug_macro   0x0000dae3       0xb2 src/ASF/sam0/drivers/sercom/sercom.o
 .debug_macro   0x0000db95       0x10 src/ASF/sam0/drivers/sercom/sercom.o
 .debug_macro   0x0000dba5      0x553 src/ASF/sam0/drivers/sercom/spi/spi.o
 .debug_macro   0x0000e0f8       0x16 src/ASF/sam0/drivers/sercom/spi/spi.o
 .debug_macro   0x0000e10e       0x16 src/ASF/sam0/drivers/sercom/spi/spi.o
 .debug_macro   0x0000e124       0x19 src/ASF/sam0/drivers/sercom/spi/spi.o
 .debug_macro   0x0000e13d      0x5b3 src/nrf24l01.o
 .debug_macro   0x0000e6f0       0x16 src/nrf24l01.o
 .debug_macro   0x0000e706       0x16 src/nrf24l01.o
 .debug_macro   0x0000e71c      0x2c3 src/nrf24l01.o
 .debug_macro   0x0000e9df       0x34 src/nrf24l01.o
 .debug_macro   0x0000ea13      0x329 src/nrf24l01.o
 .debug_macro   0x0000ed3c      0x5aa src/spi_master.o
 .debug_macro   0x0000f2e6       0x2e src/spi_master.o
 .debug_macro   0x0000f314      0x4cc src/ASF/common2/services/delay/sam0/systick_counter.o
 .debug_macro   0x0000f7e0      0x5b3 src/LED.o
 .debug_macro   0x0000fd93       0x22 src/LED.o
 .debug_macro   0x0000fdb5       0x40 src/LED.o
 .debug_macro   0x0000fdf5      0x59b src/ASF/common2/boards/user_board/init.o
 .debug_macro   0x00010390      0x490 src/ASF/common/utils/interrupt/interrupt_sam_nvic.o
 .debug_macro   0x00010820      0x5a5 src/ASF/sam0/drivers/system/clock/clock_samd20/clock.o
 .debug_macro   0x00010dc5      0x213 src/ASF/sam0/drivers/system/clock/clock_samd20/clock.o
 .debug_macro   0x00010fd8      0x4c7 src/ASF/sam0/drivers/system/clock/clock_samd20/gclk.o
 .debug_macro   0x0001149f      0x4a2 src/ASF/sam0/drivers/system/pinmux/pinmux.o
 .debug_macro   0x00011941      0x4d4 src/ASF/sam0/drivers/system/system.o
 .debug_macro   0x00011e15      0x277 src/ASF/sam0/utils/cmsis/samd20/source/gcc/startup_samd20.o
 .debug_macro   0x0001208c       0x3a src/ASF/sam0/utils/cmsis/samd20/source/gcc/startup_samd20.o
 .debug_macro   0x000120c6      0x5c9 src/main.o
 .debug_macro   0x0001268f      0x32f src/main.o

.debug_line     0x00000000     0xa35b
 .debug_line    0x00000000      0x885 src/ASF/sam0/drivers/port/port.o
 .debug_line    0x00000885      0xb93 src/ASF/sam0/drivers/sercom/sercom.o
 .debug_line    0x00001418      0xfcb src/ASF/sam0/drivers/sercom/spi/spi.o
 .debug_line    0x000023e3      0xe2f src/nrf24l01.o
 .debug_line    0x00003212      0xcb8 src/spi_master.o
 .debug_line    0x00003eca      0x936 src/ASF/common2/services/delay/sam0/systick_counter.o
 .debug_line    0x00004800      0xbfc src/LED.o
 .debug_line    0x000053fc      0xba5 src/ASF/common2/boards/user_board/init.o
 .debug_line    0x00005fa1      0x852 src/ASF/common/utils/interrupt/interrupt_sam_nvic.o
 .debug_line    0x000067f3      0xc04 src/ASF/sam0/drivers/system/clock/clock_samd20/clock.o
 .debug_line    0x000073f7      0xb1e src/ASF/sam0/drivers/system/clock/clock_samd20/gclk.o
 .debug_line    0x00007f15      0x8d0 src/ASF/sam0/drivers/system/pinmux/pinmux.o
 .debug_line    0x000087e5      0x96b src/ASF/sam0/drivers/system/system.o
 .debug_line    0x00009150      0x5ea src/ASF/sam0/utils/cmsis/samd20/source/gcc/startup_samd20.o
 .debug_line    0x0000973a      0xc21 src/main.o

.debug_str      0x00000000    0x5d0db
 .debug_str     0x00000000    0x55f03 src/ASF/sam0/drivers/port/port.o
                              0x56436 (size before relaxing)
 .debug_str     0x00055f03     0x14cf src/ASF/sam0/drivers/sercom/sercom.o
                              0x57547 (size before relaxing)
 .debug_str     0x000573d2      0xddc src/ASF/sam0/drivers/sercom/spi/spi.o
                              0x58229 (size before relaxing)
 .debug_str     0x000581ae     0x1a83 src/nrf24l01.o
                              0x58d57 (size before relaxing)
 .debug_str     0x00059c31       0xe5 src/spi_master.o
                              0x583f9 (size before relaxing)
 .debug_str     0x00059d16       0xac src/ASF/common2/services/delay/sam0/systick_counter.o
                              0x56225 (size before relaxing)
 .debug_str     0x00059dc2      0x43a src/LED.o
                              0x57a8d (size before relaxing)
 .debug_str     0x0005a1fc       0x3e src/ASF/common2/boards/user_board/init.o
                              0x57230 (size before relaxing)
 .debug_str     0x0005a23a       0x94 src/ASF/common/utils/interrupt/interrupt_sam_nvic.o
                              0x56030 (size before relaxing)
 .debug_str     0x0005a2ce     0x26bb src/ASF/sam0/drivers/system/clock/clock_samd20/clock.o
                              0x5926c (size before relaxing)
 .debug_str     0x0005c989      0x1a4 src/ASF/sam0/drivers/system/clock/clock_samd20/gclk.o
                              0x56c63 (size before relaxing)
 .debug_str     0x0005cb2d       0xf4 src/ASF/sam0/drivers/system/pinmux/pinmux.o
                              0x56427 (size before relaxing)
 .debug_str     0x0005cc21       0x47 src/ASF/sam0/drivers/system/system.o
                              0x560cc (size before relaxing)
 .debug_str     0x0005cc68      0x3a5 src/ASF/sam0/utils/cmsis/samd20/source/gcc/startup_samd20.o
                              0x408a7 (size before relaxing)
 .debug_str     0x0005d00d       0xce src/main.o
                              0x58bd7 (size before relaxing)

.debug_frame    0x00000000     0x113c
 .debug_frame   0x00000000       0x70 src/ASF/sam0/drivers/port/port.o
 .debug_frame   0x00000070       0xf8 src/ASF/sam0/drivers/sercom/sercom.o
 .debug_frame   0x00000168      0x36c src/ASF/sam0/drivers/sercom/spi/spi.o
 .debug_frame   0x000004d4      0x2c4 src/nrf24l01.o
 .debug_frame   0x00000798      0x150 src/spi_master.o
 .debug_frame   0x000008e8       0x8c src/ASF/common2/services/delay/sam0/systick_counter.o
 .debug_frame   0x00000974       0x6c src/LED.o
 .debug_frame   0x000009e0       0x2c src/ASF/common2/boards/user_board/init.o
 .debug_frame   0x00000a0c       0x4c src/ASF/common/utils/interrupt/interrupt_sam_nvic.o
 .debug_frame   0x00000a58      0x2a0 src/ASF/sam0/drivers/system/clock/clock_samd20/clock.o
 .debug_frame   0x00000cf8      0x220 src/ASF/sam0/drivers/system/clock/clock_samd20/gclk.o
 .debug_frame   0x00000f18       0xb0 src/ASF/sam0/drivers/system/pinmux/pinmux.o
 .debug_frame   0x00000fc8       0x48 src/ASF/sam0/drivers/system/system.o
 .debug_frame   0x00001010       0x50 src/ASF/sam0/utils/cmsis/samd20/source/gcc/startup_samd20.o
 .debug_frame   0x00001060       0x50 src/main.o
 .debug_frame   0x000010b0       0x20 c:/program files (x86)/atmel/studio/7.0/toolchain/arm/arm-gnu-toolchain/bin/../lib/gcc/arm-none-eabi/6.3.1/thumb/v6-m\libgcc.a(_udivsi3.o)
 .debug_frame   0x000010d0       0x20 c:/program files (x86)/atmel/studio/7.0/toolchain/arm/arm-gnu-toolchain/bin/../lib/gcc/arm-none-eabi/6.3.1/thumb/v6-m\libgcc.a(_divsi3.o)
 .debug_frame   0x000010f0       0x2c c:/program files (x86)/atmel/studio/7.0/toolchain/arm/arm-gnu-toolchain/bin/../lib/gcc/arm-none-eabi/6.3.1/../../../../arm-none-eabi/lib/thumb/v6-m\libc_nano.a(lib_a-init.o)
 .debug_frame   0x0000111c       0x20 c:/program files (x86)/atmel/studio/7.0/toolchain/arm/arm-gnu-toolchain/bin/../lib/gcc/arm-none-eabi/6.3.1/../../../../arm-none-eabi/lib/thumb/v6-m\libc_nano.a(lib_a-memset.o)

Cross Reference Table

Symbol                                            File
AC_Handler                                        src/ASF/sam0/utils/cmsis/samd20/source/gcc/startup_samd20.o
ADC_Handler                                       src/ASF/sam0/utils/cmsis/samd20/source/gcc/startup_samd20.o
DAC_Handler                                       src/ASF/sam0/utils/cmsis/samd20/source/gcc/startup_samd20.o
Dummy_Handler                                     src/ASF/sam0/utils/cmsis/samd20/source/gcc/startup_samd20.o
EIC_Handler                                       src/ASF/sam0/utils/cmsis/samd20/source/gcc/startup_samd20.o
EVSYS_Handler                                     src/ASF/sam0/utils/cmsis/samd20/source/gcc/startup_samd20.o
HardFault_Handler                                 src/ASF/sam0/utils/cmsis/samd20/source/gcc/startup_samd20.o
LED_Init                                          src/LED.o
                                                  src/main.o
LED_Set_Color                                     src/LED.o
                                                  src/main.o
LED_Set_Color_RGB                                 src/LED.o
NMI_Handler                                       src/ASF/sam0/utils/cmsis/samd20/source/gcc/startup_samd20.o
NRF_CE_Clear                                      src/nrf24l01.o
NRF_CE_Set                                        src/nrf24l01.o
NRF_CS_Clear                                      src/nrf24l01.o
NRF_CS_Set                                        src/nrf24l01.o
NRF_Enter_RX_Mode                                 src/nrf24l01.o
                                                  src/main.o
NRF_Enter_TX_Mode                                 src/nrf24l01.o
NRF_Read                                          src/nrf24l01.o
                                                  src/main.o
NRF_Read_single                                   src/nrf24l01.o
                                                  src/main.o
NRF_TX                                            src/nrf24l01.o
NRF_TX_data                                       src/nrf24l01.o
NRF_Write                                         src/nrf24l01.o
NRF_Write_1                                       src/nrf24l01.o
                                                  src/main.o
NRF_Write_2                                       src/nrf24l01.o
                                                  src/main.o
NVMCTRL_Handler                                   src/ASF/sam0/utils/cmsis/samd20/source/gcc/startup_samd20.o
PM_Handler                                        src/ASF/sam0/utils/cmsis/samd20/source/gcc/startup_samd20.o
PTC_Handler                                       src/ASF/sam0/utils/cmsis/samd20/source/gcc/startup_samd20.o
PendSV_Handler                                    src/ASF/sam0/utils/cmsis/samd20/source/gcc/startup_samd20.o
RTC_Handler                                       src/ASF/sam0/utils/cmsis/samd20/source/gcc/startup_samd20.o
RX_ADDR                                           src/main.o
RX_Buffer                                         src/main.o
Reset_Handler                                     src/ASF/sam0/utils/cmsis/samd20/source/gcc/startup_samd20.o
SERCOM0_Handler                                   src/ASF/sam0/utils/cmsis/samd20/source/gcc/startup_samd20.o
SERCOM1_Handler                                   src/ASF/sam0/utils/cmsis/samd20/source/gcc/startup_samd20.o
SERCOM2_Handler                                   src/ASF/sam0/utils/cmsis/samd20/source/gcc/startup_samd20.o
SERCOM3_Handler                                   src/ASF/sam0/utils/cmsis/samd20/source/gcc/startup_samd20.o
SERCOM4_Handler                                   src/ASF/sam0/utils/cmsis/samd20/source/gcc/startup_samd20.o
SERCOM5_Handler                                   src/ASF/sam0/utils/cmsis/samd20/source/gcc/startup_samd20.o
SVC_Handler                                       src/ASF/sam0/utils/cmsis/samd20/source/gcc/startup_samd20.o
SYSCTRL_Handler                                   src/ASF/sam0/utils/cmsis/samd20/source/gcc/startup_samd20.o
SysTick_Handler                                   src/ASF/sam0/utils/cmsis/samd20/source/gcc/startup_samd20.o
SystemCoreClock                                   src/ASF/sam0/utils/cmsis/samd20/source/system_samd20.o
SystemCoreClockUpdate                             src/ASF/sam0/utils/cmsis/samd20/source/system_samd20.o
SystemInit                                        src/ASF/sam0/utils/cmsis/samd20/source/system_samd20.o
TC0_Handler                                       src/ASF/sam0/utils/cmsis/samd20/source/gcc/startup_samd20.o
TC1_Handler                                       src/ASF/sam0/utils/cmsis/samd20/source/gcc/startup_samd20.o
TC2_Handler                                       src/ASF/sam0/utils/cmsis/samd20/source/gcc/startup_samd20.o
TC3_Handler                                       src/ASF/sam0/utils/cmsis/samd20/source/gcc/startup_samd20.o
TC4_Handler                                       src/ASF/sam0/utils/cmsis/samd20/source/gcc/startup_samd20.o
TC5_Handler                                       src/ASF/sam0/utils/cmsis/samd20/source/gcc/startup_samd20.o
TX_ADDR                                           src/main.o
WDT_Handler                                       src/ASF/sam0/utils/cmsis/samd20/source/gcc/startup_samd20.o
_Jv_RegisterClasses                               c:/program files (x86)/atmel/studio/7.0/toolchain/arm/arm-gnu-toolchain/bin/../lib/gcc/arm-none-eabi/6.3.1/thumb/v6-m/crtbegin.o
__aeabi_idiv                                      c:/program files (x86)/atmel/studio/7.0/toolchain/arm/arm-gnu-toolchain/bin/../lib/gcc/arm-none-eabi/6.3.1/thumb/v6-m\libgcc.a(_divsi3.o)
                                                  src/main.o
__aeabi_idiv0                                     c:/program files (x86)/atmel/studio/7.0/toolchain/arm/arm-gnu-toolchain/bin/../lib/gcc/arm-none-eabi/6.3.1/thumb/v6-m\libgcc.a(_dvmd_tls.o)
                                                  c:/program files (x86)/atmel/studio/7.0/toolchain/arm/arm-gnu-toolchain/bin/../lib/gcc/arm-none-eabi/6.3.1/thumb/v6-m\libgcc.a(_divsi3.o)
                                                  c:/program files (x86)/atmel/studio/7.0/toolchain/arm/arm-gnu-toolchain/bin/../lib/gcc/arm-none-eabi/6.3.1/thumb/v6-m\libgcc.a(_udivsi3.o)
__aeabi_idivmod                                   c:/program files (x86)/atmel/studio/7.0/toolchain/arm/arm-gnu-toolchain/bin/../lib/gcc/arm-none-eabi/6.3.1/thumb/v6-m\libgcc.a(_divsi3.o)
__aeabi_ldiv0                                     c:/program files (x86)/atmel/studio/7.0/toolchain/arm/arm-gnu-toolchain/bin/../lib/gcc/arm-none-eabi/6.3.1/thumb/v6-m\libgcc.a(_dvmd_tls.o)
__aeabi_lmul                                      c:/program files (x86)/atmel/studio/7.0/toolchain/arm/arm-gnu-toolchain/bin/../lib/gcc/arm-none-eabi/6.3.1/thumb/v6-m\libgcc.a(_muldi3.o)
                                                  src/ASF/sam0/drivers/sercom/sercom.o
__aeabi_uidiv                                     c:/program files (x86)/atmel/studio/7.0/toolchain/arm/arm-gnu-toolchain/bin/../lib/gcc/arm-none-eabi/6.3.1/thumb/v6-m\libgcc.a(_udivsi3.o)
                                                  src/ASF/sam0/drivers/system/clock/clock_samd20/gclk.o
                                                  src/ASF/common2/services/delay/sam0/systick_counter.o
__aeabi_uidivmod                                  c:/program files (x86)/atmel/studio/7.0/toolchain/arm/arm-gnu-toolchain/bin/../lib/gcc/arm-none-eabi/6.3.1/thumb/v6-m\libgcc.a(_udivsi3.o)
__bss_end__                                       c:/program files (x86)/atmel/studio/7.0/toolchain/arm/arm-gnu-toolchain/bin/../lib/gcc/arm-none-eabi/6.3.1/../../../../arm-none-eabi/lib/thumb/v6-m/crt0.o
__bss_start__                                     c:/program files (x86)/atmel/studio/7.0/toolchain/arm/arm-gnu-toolchain/bin/../lib/gcc/arm-none-eabi/6.3.1/../../../../arm-none-eabi/lib/thumb/v6-m/crt0.o
__call_exitprocs                                  c:/program files (x86)/atmel/studio/7.0/toolchain/arm/arm-gnu-toolchain/bin/../lib/gcc/arm-none-eabi/6.3.1/../../../../arm-none-eabi/lib/thumb/v6-m\libc_nano.a(lib_a-exit.o)
__deregister_frame_info                           c:/program files (x86)/atmel/studio/7.0/toolchain/arm/arm-gnu-toolchain/bin/../lib/gcc/arm-none-eabi/6.3.1/thumb/v6-m/crtbegin.o
__divsi3                                          c:/program files (x86)/atmel/studio/7.0/toolchain/arm/arm-gnu-toolchain/bin/../lib/gcc/arm-none-eabi/6.3.1/thumb/v6-m\libgcc.a(_divsi3.o)
__dso_handle                                      c:/program files (x86)/atmel/studio/7.0/toolchain/arm/arm-gnu-toolchain/bin/../lib/gcc/arm-none-eabi/6.3.1/thumb/v6-m/crtbegin.o
__init_array_end                                  c:/program files (x86)/atmel/studio/7.0/toolchain/arm/arm-gnu-toolchain/bin/../lib/gcc/arm-none-eabi/6.3.1/../../../../arm-none-eabi/lib/thumb/v6-m\libc_nano.a(lib_a-init.o)
__init_array_start                                c:/program files (x86)/atmel/studio/7.0/toolchain/arm/arm-gnu-toolchain/bin/../lib/gcc/arm-none-eabi/6.3.1/../../../../arm-none-eabi/lib/thumb/v6-m\libc_nano.a(lib_a-init.o)
__libc_fini_array                                 c:/program files (x86)/atmel/studio/7.0/toolchain/arm/arm-gnu-toolchain/bin/../lib/gcc/arm-none-eabi/6.3.1/../../../../arm-none-eabi/lib/thumb/v6-m/crt0.o
__libc_init_array                                 c:/program files (x86)/atmel/studio/7.0/toolchain/arm/arm-gnu-toolchain/bin/../lib/gcc/arm-none-eabi/6.3.1/../../../../arm-none-eabi/lib/thumb/v6-m\libc_nano.a(lib_a-init.o)
                                                  src/ASF/sam0/utils/cmsis/samd20/source/gcc/startup_samd20.o
                                                  c:/program files (x86)/atmel/studio/7.0/toolchain/arm/arm-gnu-toolchain/bin/../lib/gcc/arm-none-eabi/6.3.1/../../../../arm-none-eabi/lib/thumb/v6-m/crt0.o
__muldi3                                          c:/program files (x86)/atmel/studio/7.0/toolchain/arm/arm-gnu-toolchain/bin/../lib/gcc/arm-none-eabi/6.3.1/thumb/v6-m\libgcc.a(_muldi3.o)
__preinit_array_end                               c:/program files (x86)/atmel/studio/7.0/toolchain/arm/arm-gnu-toolchain/bin/../lib/gcc/arm-none-eabi/6.3.1/../../../../arm-none-eabi/lib/thumb/v6-m\libc_nano.a(lib_a-init.o)
__preinit_array_start                             c:/program files (x86)/atmel/studio/7.0/toolchain/arm/arm-gnu-toolchain/bin/../lib/gcc/arm-none-eabi/6.3.1/../../../../arm-none-eabi/lib/thumb/v6-m\libc_nano.a(lib_a-init.o)
__register_frame_info                             c:/program files (x86)/atmel/studio/7.0/toolchain/arm/arm-gnu-toolchain/bin/../lib/gcc/arm-none-eabi/6.3.1/thumb/v6-m/crtbegin.o
__sf_fake_stderr                                  c:/program files (x86)/atmel/studio/7.0/toolchain/arm/arm-gnu-toolchain/bin/../lib/gcc/arm-none-eabi/6.3.1/../../../../arm-none-eabi/lib/thumb/v6-m\libc_nano.a(lib_a-impure.o)
__sf_fake_stdin                                   c:/program files (x86)/atmel/studio/7.0/toolchain/arm/arm-gnu-toolchain/bin/../lib/gcc/arm-none-eabi/6.3.1/../../../../arm-none-eabi/lib/thumb/v6-m\libc_nano.a(lib_a-impure.o)
__sf_fake_stdout                                  c:/program files (x86)/atmel/studio/7.0/toolchain/arm/arm-gnu-toolchain/bin/../lib/gcc/arm-none-eabi/6.3.1/../../../../arm-none-eabi/lib/thumb/v6-m\libc_nano.a(lib_a-impure.o)
__stack                                           c:/program files (x86)/atmel/studio/7.0/toolchain/arm/arm-gnu-toolchain/bin/../lib/gcc/arm-none-eabi/6.3.1/../../../../arm-none-eabi/lib/thumb/v6-m/crt0.o
__udivsi3                                         c:/program files (x86)/atmel/studio/7.0/toolchain/arm/arm-gnu-toolchain/bin/../lib/gcc/arm-none-eabi/6.3.1/thumb/v6-m\libgcc.a(_udivsi3.o)
_close                                            src/ASF/sam0/utils/syscalls/gcc/syscalls.o
_end                                              src/ASF/sam0/utils/syscalls/gcc/syscalls.o
_erelocate                                        src/ASF/sam0/utils/cmsis/samd20/source/gcc/startup_samd20.o
_estack                                           src/ASF/sam0/utils/cmsis/samd20/source/gcc/startup_samd20.o
_etext                                            src/ASF/sam0/utils/cmsis/samd20/source/gcc/startup_samd20.o
_exit                                             src/ASF/sam0/utils/syscalls/gcc/syscalls.o
                                                  c:/program files (x86)/atmel/studio/7.0/toolchain/arm/arm-gnu-toolchain/bin/../lib/gcc/arm-none-eabi/6.3.1/../../../../arm-none-eabi/lib/thumb/v6-m\libc_nano.a(lib_a-exit.o)
_ezero                                            src/ASF/sam0/utils/cmsis/samd20/source/gcc/startup_samd20.o
_fini                                             c:/program files (x86)/atmel/studio/7.0/toolchain/arm/arm-gnu-toolchain/bin/../lib/gcc/arm-none-eabi/6.3.1/thumb/v6-m/crti.o
_fstat                                            src/ASF/sam0/utils/syscalls/gcc/syscalls.o
_getpid                                           src/ASF/sam0/utils/syscalls/gcc/syscalls.o
_global_impure_ptr                                c:/program files (x86)/atmel/studio/7.0/toolchain/arm/arm-gnu-toolchain/bin/../lib/gcc/arm-none-eabi/6.3.1/../../../../arm-none-eabi/lib/thumb/v6-m\libc_nano.a(lib_a-impure.o)
                                                  c:/program files (x86)/atmel/studio/7.0/toolchain/arm/arm-gnu-toolchain/bin/../lib/gcc/arm-none-eabi/6.3.1/../../../../arm-none-eabi/lib/thumb/v6-m\libc_nano.a(lib_a-exit.o)
_impure_ptr                                       c:/program files (x86)/atmel/studio/7.0/toolchain/arm/arm-gnu-toolchain/bin/../lib/gcc/arm-none-eabi/6.3.1/../../../../arm-none-eabi/lib/thumb/v6-m\libc_nano.a(lib_a-impure.o)
_init                                             c:/program files (x86)/atmel/studio/7.0/toolchain/arm/arm-gnu-toolchain/bin/../lib/gcc/arm-none-eabi/6.3.1/thumb/v6-m/crti.o
                                                  c:/program files (x86)/atmel/studio/7.0/toolchain/arm/arm-gnu-toolchain/bin/../lib/gcc/arm-none-eabi/6.3.1/../../../../arm-none-eabi/lib/thumb/v6-m\libc_nano.a(lib_a-init.o)
_isatty                                           src/ASF/sam0/utils/syscalls/gcc/syscalls.o
_kill                                             src/ASF/sam0/utils/syscalls/gcc/syscalls.o
_lseek                                            src/ASF/sam0/utils/syscalls/gcc/syscalls.o
_mainCRTStartup                                   c:/program files (x86)/atmel/studio/7.0/toolchain/arm/arm-gnu-toolchain/bin/../lib/gcc/arm-none-eabi/6.3.1/../../../../arm-none-eabi/lib/thumb/v6-m/crt0.o
_sbrk                                             src/ASF/sam0/utils/syscalls/gcc/syscalls.o
_sercom_get_async_baud_val                        src/ASF/sam0/drivers/sercom/sercom.o
_sercom_get_default_pad                           src/ASF/sam0/drivers/sercom/sercom.o
                                                  src/ASF/sam0/drivers/sercom/spi/spi.o
_sercom_get_sercom_inst_index                     src/ASF/sam0/drivers/sercom/sercom.o
                                                  src/ASF/sam0/drivers/sercom/spi/spi.o
_sercom_get_sync_baud_val                         src/ASF/sam0/drivers/sercom/sercom.o
                                                  src/ASF/sam0/drivers/sercom/spi/spi.o
_sfixed                                           src/ASF/sam0/utils/cmsis/samd20/source/gcc/startup_samd20.o
_srelocate                                        src/ASF/sam0/utils/cmsis/samd20/source/gcc/startup_samd20.o
_start                                            c:/program files (x86)/atmel/studio/7.0/toolchain/arm/arm-gnu-toolchain/bin/../lib/gcc/arm-none-eabi/6.3.1/../../../../arm-none-eabi/lib/thumb/v6-m/crt0.o
_system_divas_init                                src/ASF/sam0/drivers/system/system.o
_system_dummy_init                                src/ASF/sam0/drivers/system/system.o
_system_events_init                               src/ASF/sam0/drivers/system/system.o
_system_extint_init                               src/ASF/sam0/drivers/system/system.o
_szero                                            src/ASF/sam0/utils/cmsis/samd20/source/gcc/startup_samd20.o
atexit                                            c:/program files (x86)/atmel/studio/7.0/toolchain/arm/arm-gnu-toolchain/bin/../lib/gcc/arm-none-eabi/6.3.1/../../../../arm-none-eabi/lib/thumb/v6-m/crt0.o
bme280_data_decompress                            src/main.o
bme280_data_object                                src/main.o
board_init                                        src/ASF/common2/boards/user_board/init.o
cpu_irq_enter_critical                            src/ASF/common/utils/interrupt/interrupt_sam_nvic.o
                                                  src/ASF/sam0/drivers/system/clock/clock_samd20/gclk.o
cpu_irq_leave_critical                            src/ASF/common/utils/interrupt/interrupt_sam_nvic.o
                                                  src/ASF/sam0/drivers/system/clock/clock_samd20/gclk.o
delay_cycles_ms                                   src/ASF/common2/services/delay/sam0/systick_counter.o
                                                  src/main.o
                                                  src/nrf24l01.o
delay_cycles_us                                   src/ASF/common2/services/delay/sam0/systick_counter.o
delay_init                                        src/ASF/common2/services/delay/sam0/systick_counter.o
                                                  src/main.o
exception_table                                   src/ASF/sam0/utils/cmsis/samd20/source/gcc/startup_samd20.o
exit                                              c:/program files (x86)/atmel/studio/7.0/toolchain/arm/arm-gnu-toolchain/bin/../lib/gcc/arm-none-eabi/6.3.1/../../../../arm-none-eabi/lib/thumb/v6-m\libc_nano.a(lib_a-exit.o)
                                                  c:/program files (x86)/atmel/studio/7.0/toolchain/arm/arm-gnu-toolchain/bin/../lib/gcc/arm-none-eabi/6.3.1/../../../../arm-none-eabi/lib/thumb/v6-m/crt0.o
g_interrupt_enabled                               src/ASF/common/utils/interrupt/interrupt_sam_nvic.o
hardware_init_hook                                c:/program files (x86)/atmel/studio/7.0/toolchain/arm/arm-gnu-toolchain/bin/../lib/gcc/arm-none-eabi/6.3.1/../../../../arm-none-eabi/lib/thumb/v6-m/crt0.o
link                                              src/ASF/sam0/utils/syscalls/gcc/syscalls.o
main                                              src/main.o
                                                  src/ASF/sam0/utils/cmsis/samd20/source/gcc/startup_samd20.o
                                                  c:/program files (x86)/atmel/studio/7.0/toolchain/arm/arm-gnu-toolchain/bin/../lib/gcc/arm-none-eabi/6.3.1/../../../../arm-none-eabi/lib/thumb/v6-m/crt0.o
memset                                            c:/program files (x86)/atmel/studio/7.0/toolchain/arm/arm-gnu-toolchain/bin/../lib/gcc/arm-none-eabi/6.3.1/../../../../arm-none-eabi/lib/thumb/v6-m\libc_nano.a(lib_a-memset.o)
                                                  src/spi_master.o
                                                  src/nrf24l01.o
                                                  c:/program files (x86)/atmel/studio/7.0/toolchain/arm/arm-gnu-toolchain/bin/../lib/gcc/arm-none-eabi/6.3.1/../../../../arm-none-eabi/lib/thumb/v6-m/crt0.o
nrf24l01_cmd                                      src/nrf24l01.o
nrf24l01_cmd2                                     src/nrf24l01.o
nrf24l01_init                                     src/nrf24l01.o
nrf24l01_slave_instance                           src/main.o
                                                  src/spi_master.o
                                                  src/nrf24l01.o
nrf24l01_spi_read                                 src/nrf24l01.o
nrf24l01_spi_write                                src/nrf24l01.o
nrf24l01_spi_write_single                         src/nrf24l01.o
phantomISR                                        src/ASF/sam0/utils/cmsis/samd20/source/gcc/startup_samd20.o
port_group_set_config                             src/ASF/sam0/drivers/port/port.o
port_pin_set_config                               src/ASF/sam0/drivers/port/port.o
                                                  src/spi_master.o
sercom_set_gclk_generator                         src/ASF/sam0/drivers/sercom/sercom.o
                                                  src/ASF/sam0/drivers/sercom/spi/spi.o
software_init_hook                                c:/program files (x86)/atmel/studio/7.0/toolchain/arm/arm-gnu-toolchain/bin/../lib/gcc/arm-none-eabi/6.3.1/../../../../arm-none-eabi/lib/thumb/v6-m/crt0.o
spi_init                                          src/ASF/sam0/drivers/sercom/spi/spi.o
                                                  src/spi_master.o
spi_master_init                                   src/spi_master.o
                                                  src/main.o
spi_master_instance                               src/main.o
                                                  src/spi_master.o
                                                  src/nrf24l01.o
spi_read_buffer_wait                              src/ASF/sam0/drivers/sercom/spi/spi.o
                                                  src/nrf24l01.o
spi_reset                                         src/ASF/sam0/drivers/sercom/spi/spi.o
spi_select_slave                                  src/ASF/sam0/drivers/sercom/spi/spi.o
                                                  src/nrf24l01.o
spi_set_baudrate                                  src/ASF/sam0/drivers/sercom/spi/spi.o
spi_transceive_buffer_wait                        src/ASF/sam0/drivers/sercom/spi/spi.o
spi_transceive_wait                               src/ASF/sam0/drivers/sercom/spi/spi.o
spi_write_buffer_wait                             src/ASF/sam0/drivers/sercom/spi/spi.o
                                                  src/nrf24l01.o
strlen                                            c:/program files (x86)/atmel/studio/7.0/toolchain/arm/arm-gnu-toolchain/bin/../lib/gcc/arm-none-eabi/6.3.1/../../../../arm-none-eabi/lib/thumb/v6-m\libc_nano.a(lib_a-strlen.o)
                                                  src/nrf24l01.o
system_board_init                                 src/ASF/common2/boards/user_board/init.o
system_clock_init                                 src/ASF/sam0/drivers/system/clock/clock_samd20/clock.o
system_clock_source_dfll_set_config               src/ASF/sam0/drivers/system/clock/clock_samd20/clock.o
system_clock_source_disable                       src/ASF/sam0/drivers/system/clock/clock_samd20/clock.o
system_clock_source_enable                        src/ASF/sam0/drivers/system/clock/clock_samd20/clock.o
system_clock_source_get_hz                        src/ASF/sam0/drivers/system/clock/clock_samd20/clock.o
                                                  src/ASF/sam0/drivers/system/clock/clock_samd20/gclk.o
system_clock_source_is_ready                      src/ASF/sam0/drivers/system/clock/clock_samd20/clock.o
system_clock_source_osc32k_set_config             src/ASF/sam0/drivers/system/clock/clock_samd20/clock.o
system_clock_source_osc8m_set_config              src/ASF/sam0/drivers/system/clock/clock_samd20/clock.o
system_clock_source_write_calibration             src/ASF/sam0/drivers/system/clock/clock_samd20/clock.o
system_clock_source_xosc32k_set_config            src/ASF/sam0/drivers/system/clock/clock_samd20/clock.o
system_clock_source_xosc_set_config               src/ASF/sam0/drivers/system/clock/clock_samd20/clock.o
system_gclk_chan_disable                          src/ASF/sam0/drivers/system/clock/clock_samd20/gclk.o
system_gclk_chan_enable                           src/ASF/sam0/drivers/system/clock/clock_samd20/gclk.o
                                                  src/ASF/sam0/drivers/sercom/spi/spi.o
                                                  src/ASF/sam0/drivers/sercom/sercom.o
system_gclk_chan_get_hz                           src/ASF/sam0/drivers/system/clock/clock_samd20/gclk.o
                                                  src/ASF/sam0/drivers/system/clock/clock_samd20/clock.o
                                                  src/ASF/sam0/drivers/sercom/spi/spi.o
system_gclk_chan_is_enabled                       src/ASF/sam0/drivers/system/clock/clock_samd20/gclk.o
system_gclk_chan_is_locked                        src/ASF/sam0/drivers/system/clock/clock_samd20/gclk.o
system_gclk_chan_lock                             src/ASF/sam0/drivers/system/clock/clock_samd20/gclk.o
system_gclk_chan_set_config                       src/ASF/sam0/drivers/system/clock/clock_samd20/gclk.o
                                                  src/ASF/sam0/drivers/system/clock/clock_samd20/clock.o
                                                  src/ASF/sam0/drivers/sercom/spi/spi.o
                                                  src/ASF/sam0/drivers/sercom/sercom.o
system_gclk_gen_disable                           src/ASF/sam0/drivers/system/clock/clock_samd20/gclk.o
system_gclk_gen_enable                            src/ASF/sam0/drivers/system/clock/clock_samd20/gclk.o
                                                  src/ASF/sam0/drivers/system/clock/clock_samd20/clock.o
system_gclk_gen_get_hz                            src/ASF/sam0/drivers/system/clock/clock_samd20/gclk.o
                                                  src/ASF/common2/services/delay/sam0/systick_counter.o
system_gclk_gen_is_enabled                        src/ASF/sam0/drivers/system/clock/clock_samd20/gclk.o
system_gclk_gen_set_config                        src/ASF/sam0/drivers/system/clock/clock_samd20/gclk.o
                                                  src/ASF/sam0/drivers/system/clock/clock_samd20/clock.o
system_gclk_init                                  src/ASF/sam0/drivers/system/clock/clock_samd20/gclk.o
                                                  src/ASF/sam0/drivers/system/clock/clock_samd20/clock.o
system_init                                       src/ASF/sam0/drivers/system/system.o
                                                  src/main.o
system_interrupt_clear_pending                    src/ASF/sam0/drivers/system/interrupt/system_interrupt.o
system_interrupt_get_priority                     src/ASF/sam0/drivers/system/interrupt/system_interrupt.o
system_interrupt_is_pending                       src/ASF/sam0/drivers/system/interrupt/system_interrupt.o
system_interrupt_set_pending                      src/ASF/sam0/drivers/system/interrupt/system_interrupt.o
system_interrupt_set_priority                     src/ASF/sam0/drivers/system/interrupt/system_interrupt.o
system_pinmux_group_set_config                    src/ASF/sam0/drivers/system/pinmux/pinmux.o
                                                  src/ASF/sam0/drivers/port/port.o
system_pinmux_group_set_input_sample_mode         src/ASF/sam0/drivers/system/pinmux/pinmux.o
system_pinmux_pin_set_config                      src/ASF/sam0/drivers/system/pinmux/pinmux.o
                                                  src/ASF/sam0/drivers/sercom/spi/spi.o
                                                  src/ASF/sam0/drivers/port/port.o
